Currently Loaded Modulefiles:
 1) cuda/12   2) openmpi/4.1.3  
Kokkos::Cuda::initialize WARNING: running kernels compiled for compute capability 8.0 on device with compute capability 8.9 , this will likely reduce potential performance.
Kokkos::Cuda::initialize WARNING: running kernels compiled for compute capability 8.0 on device with compute capability 8.9 , this will likely reduce potential performance.
--------------------------------------------------------------------------
WARNING: No preset parameters were found for the device that Open MPI
detected:

  Local host:            l40sx8
  Device name:           irdma0
  Device vendor ID:      0x8086
  Device vendor part ID: 5531

Default device parameters will be used, which may result in lower
performance.  You can edit any of the files specified by the
btl_openib_device_param_files MCA parameter to set values for your
device.

NOTE: You can turn off this warning by setting the MCA parameter
      btl_openib_warn_no_device_params_found to 0.
--------------------------------------------------------------------------
--------------------------------------------------------------------------
WARNING: No preset parameters were found for the device that Open MPI
detected:

  Local host:            l40sx8
  Device name:           irdma0
  Device vendor ID:      0x8086
  Device vendor part ID: 5531

Default device parameters will be used, which may result in lower
performance.  You can edit any of the files specified by the
btl_openib_device_param_files MCA parameter to set values for your
device.

NOTE: You can turn off this warning by setting the MCA parameter
      btl_openib_warn_no_device_params_found to 0.
--------------------------------------------------------------------------
--------------------------------------------------------------------------
WARNING: No preset parameters were found for the device that Open MPI
detected:

  Local host:            l40sx8
  Device name:           irdma1
  Device vendor ID:      0x8086
  Device vendor part ID: 5531

Default device parameters will be used, which may result in lower
performance.  You can edit any of the files specified by the
btl_openib_device_param_files MCA parameter to set values for your
device.

NOTE: You can turn off this warning by setting the MCA parameter
      btl_openib_warn_no_device_params_found to 0.
--------------------------------------------------------------------------
--------------------------------------------------------------------------
WARNING: No preset parameters were found for the device that Open MPI
detected:

  Local host:            l40sx8
  Device name:           irdma1
  Device vendor ID:      0x8086
  Device vendor part ID: 5531

Default device parameters will be used, which may result in lower
performance.  You can edit any of the files specified by the
btl_openib_device_param_files MCA parameter to set values for your
device.

NOTE: You can turn off this warning by setting the MCA parameter
      btl_openib_warn_no_device_params_found to 0.
--------------------------------------------------------------------------
--------------------------------------------------------------------------
No OpenFabrics connection schemes reported that they were able to be
used on a specific port.  As such, the openib BTL (OpenFabrics
support) will be disabled for this port.

  Local host:           l40sx8
  Local device:         irdma1
  Local port:           1
  CPCs attempted:       rdmacm, udcm
--------------------------------------------------------------------------
--------------------------------------------------------------------------
No OpenFabrics connection schemes reported that they were able to be
used on a specific port.  As such, the openib BTL (OpenFabrics
support) will be disabled for this port.

  Local host:           l40sx8
  Local device:         irdma1
  Local port:           1
  CPCs attempted:       rdmacm, udcm
--------------------------------------------------------------------------
