Currently Loaded Modulefiles:
 1) cuda/12   2) openmpi/5.0(default)  
Kokkos::Cuda::initialize WARNING: running kernels compiled for compute capability 8.0 on device with compute capability 8.9 , this will likely reduce potential performance.
Kokkos::Cuda::initialize WARNING: running kernels compiled for compute capability 8.0 on device with compute capability 8.9 , this will likely reduce potential performance.
[l40sx8:1002190] *** Process received signal ***
[l40sx8:1002190] Signal: Segmentation fault (11)
[l40sx8:1002190] Signal code: Invalid permissions (2)
[l40sx8:1002190] Failing at address: 0x1534b95f7a80
[l40sx8:1002191] *** Process received signal ***
[l40sx8:1002191] Signal: Segmentation fault (11)
[l40sx8:1002191] Signal code: Invalid permissions (2)
[l40sx8:1002191] Failing at address: 0x14690d5f7a80
[l40sx8:1002191] [ 0] [l40sx8:1002190] [ 0] /lib64/libpthread.so.0(+0x12990)[0x1534d9666990]
[l40sx8:1002190] [ 1] /lib64/libpthread.so.0(+0x12990)[0x14692c292990]
[l40sx8:1002191] [ 1] /lib64/libc.so.6(+0xde9ba)[0x1534d8a2d9ba]
[l40sx8:1002190] [ 2] /lib64/libc.so.6(+0xde9ba)[0x14692b6599ba]
[l40sx8:1002191] [ 2] /optnfs/common/openmpi/5.0/lib/libopen-pal.so.80(opal_convertor_pack+0x1bc)[0x1534d867eddc]
[l40sx8:1002190] [ 3] /optnfs/common/openmpi/5.0/lib/libopen-pal.so.80(opal_convertor_pack+0x1bc)[0x14692b2aaddc]
[l40sx8:1002191] [ 3] /optnfs/common/openmpi/5.0/lib/libopen-pal.so.80(mca_btl_sm_sendi+0x4ea)[0x1534d870cfca]
[l40sx8:1002190] [ 4] /optnfs/common/openmpi/5.0/lib/libopen-pal.so.80(mca_btl_sm_sendi+0x4ea)[0x14692b338fca]
[l40sx8:1002191] [ 4] /optnfs/common/openmpi/5.0/lib/libmpi.so.40(+0x2579a0)[0x14692d03d9a0]
[l40sx8:1002191] [ 5] /optnfs/common/openmpi/5.0/lib/libmpi.so.40(+0x2579a0)[0x1534da4119a0]
[l40sx8:1002190] [ 5] /optnfs/common/openmpi/5.0/lib/libmpi.so.40(mca_pml_ob1_send+0x619)[0x14692d03fd59]
[l40sx8:1002191] [ 6] /optnfs/common/openmpi/5.0/lib/libmpi.so.40(mca_pml_ob1_send+0x619)[0x1534da413d59]
[l40sx8:1002190] [ 6] /optnfs/common/openmpi/5.0/lib/libmpi.so.40(PMPI_Sendrecv+0x270)[0x1534da28d320]
[l40sx8:1002190] [ 7] /dartfs-hpc/rc/home/2/f007hd2/plasma/turb2d/turbulence_2d/entity.xc[0x615709]
[l40sx8:1002190] /optnfs/common/openmpi/5.0/lib/libmpi.so.40(PMPI_Sendrecv+0x270)[0x14692ceb9320]
[l40sx8:1002191] [ 7] /dartfs-hpc/rc/home/2/f007hd2/plasma/turb2d/turbulence_2d/entity.xc[0x615709]
[l40sx8:1002191] [ 8] [ 8] /dartfs-hpc/rc/home/2/f007hd2/plasma/turb2d/turbulence_2d/entity.xc[0x6036bf]
[l40sx8:1002190] [ 9] /dartfs-hpc/rc/home/2/f007hd2/plasma/turb2d/turbulence_2d/entity.xc[0x5e3fe6]
/dartfs-hpc/rc/home/2/f007hd2/plasma/turb2d/turbulence_2d/entity.xc[0x6036bf]
[l40sx8:1002191] [ 9] /dartfs-hpc/rc/home/2/f007hd2/plasma/turb2d/turbulence_2d/entity.xc[0x5e3fe6]
[l40sx8:1002191] [10] /dartfs-hpc/rc/home/2/f007hd2/plasma/turb2d/turbulence_2d/entity.xc[0x5d0b64]
[l40sx8:1002191] [11] [l40sx8:1002190] [10] /dartfs-hpc/rc/home/2/f007hd2/plasma/turb2d/turbulence_2d/entity.xc[0x5d0b64]
[l40sx8:1002190] [11] /dartfs-hpc/rc/home/2/f007hd2/plasma/turb2d/turbulence_2d/entity.xc[0x45c331]
[l40sx8:1002191] [12] /dartfs-hpc/rc/home/2/f007hd2/plasma/turb2d/turbulence_2d/entity.xc[0x45c331]
[l40sx8:1002190] [12] /dartfs-hpc/rc/home/2/f007hd2/plasma/turb2d/turbulence_2d/entity.xc[0x723448]
[l40sx8:1002191] [13] /dartfs-hpc/rc/home/2/f007hd2/plasma/turb2d/turbulence_2d/entity.xc[0x723448]
[l40sx8:1002190] [13] /dartfs-hpc/rc/home/2/f007hd2/plasma/turb2d/turbulence_2d/entity.xc[0x7234fd]
[l40sx8:1002190] [14] /dartfs-hpc/rc/home/2/f007hd2/plasma/turb2d/turbulence_2d/entity.xc[0x71c747]
/dartfs-hpc/rc/home/2/f007hd2/plasma/turb2d/turbulence_2d/entity.xc[0x7234fd]
[l40sx8:1002191] [14] /dartfs-hpc/rc/home/2/f007hd2/plasma/turb2d/turbulence_2d/entity.xc[0x71c747]
[l40sx8:1002191] [15] [l40sx8:1002190] [15] /dartfs-hpc/rc/home/2/f007hd2/plasma/turb2d/turbulence_2d/entity.xc[0x42f555]
[l40sx8:1002190] [16] /dartfs-hpc/rc/home/2/f007hd2/plasma/turb2d/turbulence_2d/entity.xc[0x42b6df]
[l40sx8:1002190] [17] /dartfs-hpc/rc/home/2/f007hd2/plasma/turb2d/turbulence_2d/entity.xc[0x42f555]
[l40sx8:1002191] [16] /dartfs-hpc/rc/home/2/f007hd2/plasma/turb2d/turbulence_2d/entity.xc[0x42b6df]
[l40sx8:1002191] [17] /dartfs-hpc/rc/home/2/f007hd2/plasma/turb2d/turbulence_2d/entity.xc[0x41bdbe]
[l40sx8:1002191] [18] /dartfs-hpc/rc/home/2/f007hd2/plasma/turb2d/turbulence_2d/entity.xc[0x41c8ae]
[l40sx8:1002191] /dartfs-hpc/rc/home/2/f007hd2/plasma/turb2d/turbulence_2d/entity.xc[0x41bdbe]
[l40sx8:1002190] [18] /dartfs-hpc/rc/home/2/f007hd2/plasma/turb2d/turbulence_2d/entity.xc[0x41c8ae]
[l40sx8:1002190] [19] /dartfs-hpc/rc/home/2/f007hd2/plasma/turb2d/turbulence_2d/entity.xc[0x41d41f]
[l40sx8:1002190] [20] [19] /dartfs-hpc/rc/home/2/f007hd2/plasma/turb2d/turbulence_2d/entity.xc[0x41d41f]
[l40sx8:1002191] [20] /dartfs-hpc/rc/home/2/f007hd2/plasma/turb2d/turbulence_2d/entity.xc[0x41d376]
[l40sx8:1002191] [21] /dartfs-hpc/rc/home/2/f007hd2/plasma/turb2d/turbulence_2d/entity.xc[0x41ca0e]
/dartfs-hpc/rc/home/2/f007hd2/plasma/turb2d/turbulence_2d/entity.xc[0x41d376]
[l40sx8:1002190] [21] /dartfs-hpc/rc/home/2/f007hd2/plasma/turb2d/turbulence_2d/entity.xc[0x41ca0e]
[l40sx8:1002190] [22] /dartfs-hpc/rc/home/2/f007hd2/plasma/turb2d/turbulence_2d/entity.xc[0x41ca59]
[l40sx8:1002190] [23] /dartfs-hpc/rc/home/2/f007hd2/plasma/turb2d/turbulence_2d/entity.xc[0x41ca86]
[l40sx8:1002190] [24] [l40sx8:1002191] [22] /dartfs-hpc/rc/home/2/f007hd2/plasma/turb2d/turbulence_2d/entity.xc[0x41ca59]
[l40sx8:1002191] [23] /dartfs-hpc/rc/home/2/f007hd2/plasma/turb2d/turbulence_2d/entity.xc[0x41ca86]
[l40sx8:1002191] [24] /dartfs-hpc/rc/home/2/f007hd2/plasma/turb2d/turbulence_2d/entity.xc[0x4160da]
[l40sx8:1002191] [25] /dartfs-hpc/rc/home/2/f007hd2/plasma/turb2d/turbulence_2d/entity.xc[0x4160da]
[l40sx8:1002190] [25] /lib64/libc.so.6(__libc_start_main+0xe5)[0x1534d8989865]
[l40sx8:1002190] [26] /dartfs-hpc/rc/home/2/f007hd2/plasma/turb2d/turbulence_2d/entity.xc[0x415e5e]
[l40sx8:1002190] *** End of error message ***
/lib64/libc.so.6(__libc_start_main+0xe5)[0x14692b5b5865]
[l40sx8:1002191] [26] /dartfs-hpc/rc/home/2/f007hd2/plasma/turb2d/turbulence_2d/entity.xc[0x415e5e]
[l40sx8:1002191] *** End of error message ***
