Currently Loaded Modulefiles:
 1) cuda/12  
Kokkos::Cuda::initialize WARNING: running kernels compiled for compute capability 8.0 on device with compute capability 8.9 , this will likely reduce potential performance.
Kokkos::Cuda::initialize WARNING: running kernels compiled for compute capability 8.0 on device with compute capability 8.9 , this will likely reduce potential performance.
[l40sx8:1001193] *** Process received signal ***
[l40sx8:1001193] Signal: Segmentation fault (11)
[l40sx8:1001193] Signal code: Invalid permissions (2)
[l40sx8:1001193] Failing at address: 0x14e79d5f7a80
[l40sx8:1001193] [ 0] [l40sx8:1001192] *** Process received signal ***
[l40sx8:1001192] Signal: Segmentation fault (11)
[l40sx8:1001192] Signal code: Invalid permissions (2)
[l40sx8:1001192] Failing at address: 0x1550715f7a80
[l40sx8:1001192] [ 0] /lib64/libpthread.so.0(+0x12990)[0x1550929f9990]
[l40sx8:1001192] [ 1] /lib64/libpthread.so.0(+0x12990)[0x14e7bd648990]
[l40sx8:1001193] [ 1] /lib64/libc.so.6(+0xde9ba)[0x155091dc09ba]
[l40sx8:1001192] [ 2] /lib64/libc.so.6(+0xde9ba)[0x14e7bca0f9ba]
[l40sx8:1001193] [ 2] /optnfs/common/openmpi/5.0/lib/libopen-pal.so.80(opal_convertor_pack+0x1bc)[0x14e7bc660ddc]
[l40sx8:1001193] [ 3] /optnfs/common/openmpi/5.0/lib/libopen-pal.so.80(opal_convertor_pack+0x1bc)[0x155091a11ddc]
[l40sx8:1001192] [ 3] /optnfs/common/openmpi/5.0/lib/libopen-pal.so.80(mca_btl_sm_sendi+0x4ea)[0x14e7bc6eefca]
[l40sx8:1001193] [ 4] /optnfs/common/openmpi/5.0/lib/libopen-pal.so.80(mca_btl_sm_sendi+0x4ea)[0x155091a9ffca]
[l40sx8:1001192] [ 4] /optnfs/common/openmpi/5.0/lib/libmpi.so.40(+0x2579a0)[0x1550937a49a0]
[l40sx8:1001192] [ 5] /optnfs/common/openmpi/5.0/lib/libmpi.so.40(+0x2579a0)[0x14e7be3f39a0]
[l40sx8:1001193] [ 5] /optnfs/common/openmpi/5.0/lib/libmpi.so.40(mca_pml_ob1_send+0x619)[0x14e7be3f5d59]
[l40sx8:1001193] [ 6] /optnfs/common/openmpi/5.0/lib/libmpi.so.40(mca_pml_ob1_send+0x619)[0x1550937a6d59]
[l40sx8:1001192] [ 6] /optnfs/common/openmpi/5.0/lib/libmpi.so.40(PMPI_Sendrecv+0x270)[0x155093620320]
[l40sx8:1001192] [ 7] /dartfs-hpc/rc/home/2/f007hd2/plasma/turb2d/turbulence_2d/entity.xc[0x615709]
[l40sx8:1001192] [ 8] /dartfs-hpc/rc/home/2/f007hd2/plasma/turb2d/turbulence_2d/entity.xc[0x6036bf]
[l40sx8:1001192] [ 9] /dartfs-hpc/rc/home/2/f007hd2/plasma/turb2d/turbulence_2d/entity.xc[0x5e3fe6]
[l40sx8:1001192] [10] /dartfs-hpc/rc/home/2/f007hd2/plasma/turb2d/turbulence_2d/entity.xc[0x5d0b64]
[l40sx8:1001192] [11] /dartfs-hpc/rc/home/2/f007hd2/plasma/turb2d/turbulence_2d/entity.xc[0x45c331]
[l40sx8:1001192] [12] /dartfs-hpc/rc/home/2/f007hd2/plasma/turb2d/turbulence_2d/entity.xc[0x723448]
[l40sx8:1001192] [13] /dartfs-hpc/rc/home/2/f007hd2/plasma/turb2d/turbulence_2d/entity.xc[0x7234fd]
[l40sx8:1001192] [14] /dartfs-hpc/rc/home/2/f007hd2/plasma/turb2d/turbulence_2d/entity.xc[0x71c747]
[l40sx8:1001192] [15] /dartfs-hpc/rc/home/2/f007hd2/plasma/turb2d/turbulence_2d/entity.xc[0x42f555]
[l40sx8:1001192] [16] /dartfs-hpc/rc/home/2/f007hd2/plasma/turb2d/turbulence_2d/entity.xc[0x42b6df]
[l40sx8:1001192] [17] /dartfs-hpc/rc/home/2/f007hd2/plasma/turb2d/turbulence_2d/entity.xc[0x41bdbe]
[l40sx8:1001192] [18] /dartfs-hpc/rc/home/2/f007hd2/plasma/turb2d/turbulence_2d/entity.xc[0x41c8ae]
[l40sx8:1001192] [19] /dartfs-hpc/rc/home/2/f007hd2/plasma/turb2d/turbulence_2d/entity.xc[0x41d41f]
[l40sx8:1001192] [20] /dartfs-hpc/rc/home/2/f007hd2/plasma/turb2d/turbulence_2d/entity.xc[0x41d376]
[l40sx8:1001192] [21] /dartfs-hpc/rc/home/2/f007hd2/plasma/turb2d/turbulence_2d/entity.xc[0x41ca0e]
[l40sx8:1001192] [22] /dartfs-hpc/rc/home/2/f007hd2/plasma/turb2d/turbulence_2d/entity.xc[0x41ca59]
[l40sx8:1001192] [23] /dartfs-hpc/rc/home/2/f007hd2/plasma/turb2d/turbulence_2d/entity.xc[0x41ca86]
[l40sx8:1001192] [24] /dartfs-hpc/rc/home/2/f007hd2/plasma/turb2d/turbulence_2d/entity.xc[0x4160da]
[l40sx8:1001192] [25] /lib64/libc.so.6(__libc_start_main+0xe5)[0x155091d1c865]
[l40sx8:1001192] [26] /dartfs-hpc/rc/home/2/f007hd2/plasma/turb2d/turbulence_2d/entity.xc[0x415e5e]
[l40sx8:1001192] *** End of error message ***
/optnfs/common/openmpi/5.0/lib/libmpi.so.40(PMPI_Sendrecv+0x270)[0x14e7be26f320]
[l40sx8:1001193] [ 7] /dartfs-hpc/rc/home/2/f007hd2/plasma/turb2d/turbulence_2d/entity.xc[0x615709]
[l40sx8:1001193] [ 8] /dartfs-hpc/rc/home/2/f007hd2/plasma/turb2d/turbulence_2d/entity.xc[0x6036bf]
[l40sx8:1001193] [ 9] /dartfs-hpc/rc/home/2/f007hd2/plasma/turb2d/turbulence_2d/entity.xc[0x5e3fe6]
[l40sx8:1001193] [10] /dartfs-hpc/rc/home/2/f007hd2/plasma/turb2d/turbulence_2d/entity.xc[0x5d0b64]
[l40sx8:1001193] [11] /dartfs-hpc/rc/home/2/f007hd2/plasma/turb2d/turbulence_2d/entity.xc[0x45c331]
[l40sx8:1001193] [12] /dartfs-hpc/rc/home/2/f007hd2/plasma/turb2d/turbulence_2d/entity.xc[0x723448]
[l40sx8:1001193] [13] /dartfs-hpc/rc/home/2/f007hd2/plasma/turb2d/turbulence_2d/entity.xc[0x7234fd]
[l40sx8:1001193] [14] /dartfs-hpc/rc/home/2/f007hd2/plasma/turb2d/turbulence_2d/entity.xc[0x71c747]
[l40sx8:1001193] [15] /dartfs-hpc/rc/home/2/f007hd2/plasma/turb2d/turbulence_2d/entity.xc[0x42f555]
[l40sx8:1001193] [16] /dartfs-hpc/rc/home/2/f007hd2/plasma/turb2d/turbulence_2d/entity.xc[0x42b6df]
[l40sx8:1001193] [17] /dartfs-hpc/rc/home/2/f007hd2/plasma/turb2d/turbulence_2d/entity.xc[0x41bdbe]
[l40sx8:1001193] [18] /dartfs-hpc/rc/home/2/f007hd2/plasma/turb2d/turbulence_2d/entity.xc[0x41c8ae]
[l40sx8:1001193] [19] /dartfs-hpc/rc/home/2/f007hd2/plasma/turb2d/turbulence_2d/entity.xc[0x41d41f]
[l40sx8:1001193] [20] /dartfs-hpc/rc/home/2/f007hd2/plasma/turb2d/turbulence_2d/entity.xc[0x41d376]
[l40sx8:1001193] [21] /dartfs-hpc/rc/home/2/f007hd2/plasma/turb2d/turbulence_2d/entity.xc[0x41ca0e]
[l40sx8:1001193] [22] /dartfs-hpc/rc/home/2/f007hd2/plasma/turb2d/turbulence_2d/entity.xc[0x41ca59]
[l40sx8:1001193] [23] /dartfs-hpc/rc/home/2/f007hd2/plasma/turb2d/turbulence_2d/entity.xc[0x41ca86]
[l40sx8:1001193] [24] /dartfs-hpc/rc/home/2/f007hd2/plasma/turb2d/turbulence_2d/entity.xc[0x4160da]
[l40sx8:1001193] [25] /lib64/libc.so.6(__libc_start_main+0xe5)[0x14e7bc96b865]
[l40sx8:1001193] [26] /dartfs-hpc/rc/home/2/f007hd2/plasma/turb2d/turbulence_2d/entity.xc[0x415e5e]
[l40sx8:1001193] *** End of error message ***
